
Creating a Maven project with archetype .jar
============================================

balaji@ip-172-31-6-192:~$ mvn -B archetype:generate \
>   -DarchetypeGroupId=org.apache.maven.archetypes \
>   -DartifactId=my-app
[INFO] Scanning for projects...
[INFO] 
[INFO] ------------------< org.apache.maven:standalone-pom >-------------------
[INFO] Building Maven Stub Project (No POM) 1
[INFO] --------------------------------[ pom ]---------------------------------
==========================================================================================================
                                         Running Mvn Compile
==========================================================================================================

balaji@ip-172-31-6-192:~/my-app$ mvn compile
[INFO] Scanning for projects...
[INFO] 
[INFO] ----------------------< com.mycompany.app:my-app >----------------------
[INFO] Building my-app 1.0-SNAPSHOT
[INFO] --------------------------------[ jar ]---------------------------------
[INFO] 
[INFO] --- maven-resources-plugin:2.6:resources (default-resources) @ my-app ---
[WARNING] Using platform encoding (UTF-8 actually) to copy filtered resources, i.e. build is platform dependent!
[INFO] skip non existing resourceDirectory /home/balaji/my-app/src/main/resources
[INFO] 
[INFO] --- maven-compiler-plugin:3.1:compile (default-compile) @ my-app ---
[INFO] Nothing to compile - all classes are up to date
[INFO] ------------------------------------------------------------------------
[INFO] BUILD SUCCESS
[INFO] ------------------------------------------------------------------------
[INFO] Total time:  0.825 s
[INFO] Finished at: 2020-04-07T08:29:47Z
[INFO] ------------------------------------------------------------------------

==========================================================================================================
                                          Running Maven Test-compile
==========================================================================================================


balaji@ip-172-31-6-192:~/my-app$ mvn test-compile[INFO] Scanning for projects...[INFO] [INFO] ----------------------< com.mycompany.app:my-app >----------------------[INFO] Building my-app 1.0-SNAPSHOT
[INFO] --------------------------------[ jar ]---------------------------------
[INFO] 
[INFO] --- maven-resources-plugin:2.6:resources (default-resources) @ my-app ---
[WARNING] Using platform encoding (UTF-8 actually) to copy filtered resources, i.e. build is platform dependent!
[INFO] skip non existing resourceDirectory /home/balaji/my-app/src/main/resources
[INFO] 
[INFO] --- maven-compiler-plugin:3.1:compile (default-compile) @ my-app ---
[INFO] Nothing to compile - all classes are up to date
[INFO] 
[INFO] --- maven-resources-plugin:2.6:testResources (default-testResources) @ my-app ---
[WARNING] Using platform encoding (UTF-8 actually) to copy filtered resources, i.e. build is platform dependent!
[INFO] skip non existing resourceDirectory /home/balaji/my-app/src/test/resources
[INFO] 
[INFO] --- maven-compiler-plugin:3.1:testCompile (default-testCompile) @ my-app ---
[INFO] Nothing to compile - all classes are up to date
[INFO] ------------------------------------------------------------------------
[INFO] BUILD SUCCESS
[INFO] ------------------------------------------------------------------------
[INFO] Total time:  0.819 s
[INFO] Finished at: 2020-04-07T08:33:40Z
[INFO] ------------------------------------------------------------------------


==========================================================================================================
                                          Running Maven Test
==========================================================================================================

balaji@ip-172-31-6-192:~/my-app$ mvn test
[INFO] Scanning for projects...
[INFO] 
[INFO] ----------------------< com.mycompany.app:my-app >----------------------
[INFO] --------------------------------[ jar ]---------------------------------
[INFO] 
[INFO] --- maven-resources-plugin:2.6:resources (default-resources) @ my-app ---
[WARNING] Using platform encoding (UTF-8 actually) to copy filtered resources, i.e. build is platform dependent!
[INFO] skip non existing resourceDirectory /home/balaji/my-app/src/main/resources
[INFO] 
[INFO] --- maven-compiler-plugin:3.1:compile (default-compile) @ my-app ---
[INFO] Nothing to compile - all classes are up to date
[INFO] 
[INFO] --- maven-resources-plugin:2.6:testResources (default-testResources) @ my-app ---
[WARNING] Using platform encoding (UTF-8 actually) to copy filtered resources, i.e. build is platform dependent!
[INFO] skip non existing resourceDirectory /home/balaji/my-app/src/test/resources
[INFO] 
[INFO] --- maven-compiler-plugin:3.1:testCompile (default-testCompile) @ my-app ---
[INFO] Nothing to compile - all classes are up to date
[INFO] 
[INFO] --- maven-surefire-plugin:2.12.4:test (default-test) @ my-app ---
[INFO] Surefire report directory: /home/balaji/my-app/target/surefire-reports

-------------------------------------------------------
 T E S T S
-------------------------------------------------------
Running com.mycompany.app.AppTest
Tests run: 1, Failures: 0, Errors: 0, Skipped: 0, Time elapsed: 0.016 sec

Results :

Tests run: 1, Failures: 0, Errors: 0, Skipped: 0

[INFO] ------------------------------------------------------------------------
[INFO] BUILD SUCCESS
[INFO] ------------------------------------------------------------------------
[INFO] Total time:  1.255 s

==========================================================================================================
                                          Running Maven Package
==========================================================================================================

balaji@ip-172-31-6-192:~/my-app$ mvn package
[INFO] Scanning for projects...
[INFO] 
[INFO] Building my-app 1.0-SNAPSHOT
[INFO] --- maven-resources-plugin:2.6:resources (default-resources) @ my-app ---
[WARNING] Using platform encoding (UTF-8 actually) to copy filtered resources, i.e. build is platform dependent!
[INFO] skip non existing resourceDirectory /home/balaji/my-app/src/main/resources
[INFO] 
[INFO] --- maven-compiler-plugin:3.1:compile (default-compile) @ my-app ---
[INFO] Nothing to compile - all classes are up to date
[INFO] 
[INFO] --- maven-resources-plugin:2.6:testResources (default-testResources) @ my-app ---
[WARNING] Using platform encoding (UTF-8 actually) to copy filtered resources, i.e. build is platform dependent!
[INFO] skip non existing resourceDirectory /home/balaji/my-app/src/test/resources
[INFO] 
[INFO] --- maven-compiler-plugin:3.1:testCompile (default-testCompile) @ my-app ---
[INFO] Nothing to compile - all classes are up to date
[INFO] 
[INFO] --- maven-surefire-plugin:2.12.4:test (default-test) @ my-app ---
[INFO] Surefire report directory: /home/balaji/my-app/target/surefire-reports

-------------------------------------------------------
 T E S T S
-------------------------------------------------------
Running com.mycompany.app.AppTest
Tests run: 1, Failures: 0, Errors: 0, Skipped: 0, Time elapsed: 0.013 sec

Results :

Tests run: 1, Failures: 0, Errors: 0, Skipped: 0

[INFO] 
[INFO] --- maven-jar-plugin:2.4:jar (default-jar) @ my-app ---
[INFO] ------------------------------------------------------------------------
[INFO] BUILD SUCCESS
[INFO] ------------------------------------------------------------------------
[INFO] Total time:  1.632 s
[INFO] Finished at: 2020-04-07T08:43:39Z
[INFO] ------------------------------------------------------------------------
balaji@ip-172-31-6-192:~/my-app$ 



==========================================================================================================
                                          Running Maven Package
==========================================================================================================
[INFO] Scanning for projects...
[INFO] 
[INFO] ----------------------< com.mycompany.app:my-app >----------------------
[INFO] Building my-app 1.0-SNAPSHOT
[INFO] --- maven-compiler-plugin:3.1:compile (default-compile) @ my-app ---
[INFO] Nothing to compile - all classes are up to date
[INFO] 
[INFO] --- maven-resources-plugin:2.6:testResources (default-testResources) @ my-app ---
[WARNING] Using platform encoding (UTF-8 actually) to copy filtered resources, i.e. build is platform dependent!
[INFO] skip non existing resourceDirectory /home/balaji/my-app/src/test/resources
[INFO] 
[INFO] --- maven-compiler-plugin:3.1:testCompile (default-testCompile) @ my-app ---
[INFO] Nothing to compile - all classes are up to date
[INFO] 
[INFO] --- maven-surefire-plugin:2.12.4:test (default-test) @ my-app ---
[INFO] Surefire report directory: /home/balaji/my-app/target/surefire-reports

-------------------------------------------------------
 T E S T S
-------------------------------------------------------
Running com.mycompany.app.AppTest
Tests run: 1, Failures: 0, Errors: 0, Skipped: 0, Time elapsed: 0.007 sec

Results :

Tests run: 1, Failures: 0, Errors: 0, Skipped: 0

[INFO] 
[INFO] --- maven-jar-plugin:2.4:jar (default-jar) @ my-app ---
[INFO] 
[INFO] --- maven-install-plugin:2.4:install (default-install) @ my-app ---
[INFO] Installing /home/balaji/my-app/target/my-app-1.0-SNAPSHOT.jar to /home/balaji/.m2/repository/com/mycompany/app/my-app/1.0-SNAPSHOT/my-app-1.0-SNAPSHOT.jar
[INFO] Installing /home/balaji/my-app/pom.xml to /home/balaji/.m2/repository/com/mycompany/app/my-app/1.0-SNAPSHOT/my-app-1.0-SNAPSHOT.pom
[INFO] ------------------------------------------------------------------------
[INFO] BUILD SUCCESS
[INFO] ------------------------------------------------------------------------
[INFO] Total time:  1.628 s
[INFO] Finished at: 2020-04-07T08:46:05Z


==========================================================================================================
                                         Installed on local Repo
==========================================================================================================

balaji@ip-172-31-6-192:~/my-app$ cd  /home/balaji/.m2/repository/com/mycompany/app/my-app
balaji@ip-172-31-6-192:~/.m2/repository/com/mycompany/app/my-app$ ls
1.0-SNAPSHOT  maven-metadata-local.xml
balaji@ip-172-31-6-192:~/.m2/repository/com/mycompany/app/my-app$ 



